-- test plperl.on_plperl_init errors are fatal
<<<<<<< HEAD
-- Must load plperl before we can set on_plperl_init
=======
-- This test tests setting on_plperl_init after loading plperl
>>>>>>> 80edfd76591fdb9beec061de3c05ef4e9d96ce56
LOAD 'plperl';
SET SESSION plperl.on_plperl_init = ' system("/nonesuch"); ';
SHOW plperl.on_plperl_init;
 plperl.on_plperl_init  
------------------------
  system("/nonesuch"); 
(1 row)

DO $$ warn 42 $$ language plperl;
ERROR:  'system' trapped by operation mask at line 1.
CONTEXT:  while executing plperl.on_plperl_init
PL/Perl anonymous code block
